// Jest Snapshot v1, https://goo.gl/fbAQLP

exports[`Probar la clase de Citas Agregar una nueva cita 1`] = `
Citas {
  "citas": [
    {
      "fecha": "10-12-2023",
      "hora": "10:59",
      "id": 1692124196862,
      "mascota": "Tobias",
      "propietario": "Brayan",
      "sintomas": "VAGO",
      "telefono": "3310027",
    },
  ],
}
`;

exports[`Probar la clase de Citas Eliminar Cita 1`] = `
Citas {
  "citas": [],
}
`;

exports[`Probar la clase de Citas actualizar cita 1`] = `
Citas {
  "citas": [
    {
      "fecha": "10-11-2020",
      "hora": "10:30",
      "id": 1692124196862,
      "mascota": "Nuevo Nombre",
      "propietario": "Juan",
      "sintomas": "Solo duerme",
      "telefono": "19030913",
    },
  ],
}
`;
